2026-09-18 20:32:16.969 python[27291:9859082] +[IMKClient subclass]: chose IMKClient_Legacy
2026-09-18 20:32:16.969 python[27291:9859082] +[IMKInputSession subclass]: chose IMKInputSession_Legacy
        3.02 real         1.93 user         0.43 sys
           320847872  maximum resident set size
                   0  average shared memory size
                   0  average unshared data size
                   0  average unshared stack size
               42007  page reclaims
                4857  page faults
                   0  swaps
                   0  block input operations
                   0  block output operations
                   2  messages sent
                   0  messages received
                   0  signals received
                 885  voluntary context switches
                8059  involuntary context switches
         26401165078  instructions retired
          7689871456  cycles elapsed
           312904704  peak memory footprint
