........................................................................ [  2%]
........................................................................ [  4%]
........................................................................ [  7%]
........................................................................ [  9%]
........................................................................ [ 11%]
........................................................................ [ 14%]
........................................................................ [ 16%]
........................................................................ [ 19%]
........................................................................ [ 21%]
........................................................................ [ 23%]
........................................................................ [ 26%]
........................................................................ [ 28%]
........................................................................ [ 31%]
........................................................................ [ 33%]
.........................................................s...s.......... [ 35%]
........................................................................ [ 38%]
........................................................................ [ 40%]
..........................................s............................. [ 42%]
........................................................................ [ 45%]
........................................................................ [ 47%]
........................................................................ [ 50%]
........................................................................ [ 52%]
........................................................................ [ 54%]
.....s.................................................................. [ 57%]
........................................................................ [ 59%]
........................................................................ [ 62%]
........................................................................ [ 64%]
........................................................................ [ 66%]
........................................................................ [ 69%]
........................................................................ [ 71%]
........................................................................ [ 74%]
........................................................................ [ 76%]
........................................................................ [ 78%]
........................................................................ [ 81%]
........................................................................ [ 83%]
........................................................................ [ 85%]
........................................................................ [ 88%]
........................................................................ [ 90%]
........................................................................ [ 93%]
........................................................................ [ 95%]
........................................................................ [ 97%]
..............sss.....................................s.........         [100%]
=============================== warnings summary ===============================
tests/test_block_writer.py: 1 warning
tests/test_mof_builder.py: 7 warnings
tests/test_mof_vendored.py: 3 warnings
  /Users/sam/Projects/Jules/Crystal-Builder/.venv/lib/python3.12/site-packages/scipy/spatial/transform/_rotation.py:2576: UserWarning: Optimal rotation is not uniquely or poorly defined for the given sets of vectors.
    q, rssd, sensitivity = backend.align_vectors(a, b, weights, return_sensitivity)

tests/test_project.py::test_a_project_from_a_later_version_still_gives_up_its_crystal
  /Users/sam/.local/share/uv/python/cpython-3.12.14-macos-aarch64-none/lib/python3.12/zipfile/__init__.py:1625: UserWarning: Duplicate name: 'view.json'
    return self._open_to_write(zinfo, force_zip64=force_zip64)

tests/test_project.py::test_a_bond_that_no_longer_fits_is_dropped_not_fatal
tests/test_stored_bonds.py::test_an_unreadable_stored_graph_is_a_warning_not_a_lost_crystal
  /Users/sam/.local/share/uv/python/cpython-3.12.14-macos-aarch64-none/lib/python3.12/zipfile/__init__.py:1625: UserWarning: Duplicate name: 'bonds.json'
    return self._open_to_write(zinfo, force_zip64=force_zip64)

-- Docs: https://docs.pytest.org/en/stable/how-to/capture-warnings.html
================================ tests coverage ================================
______________ coverage: platform darwin, python 3.12.14-final-0 _______________

Name                                   Stmts   Miss Branch BrPart  Cover   Missing
----------------------------------------------------------------------------------
xtal/__init__.py                          10      2      0      0    80%   17-18
xtal/analysis/isosurface.py               84      4     22      4    92%   94, 108, 114, 175
xtal/analysis/kpath.py                   116      2     32      3    97%   87, 117->105, 193
xtal/analysis/overlays.py                 60      2      6      2    94%   121, 134
xtal/analysis/porosity.py                318     16     96     12    93%   191, 194-195, 255, 405, 478, 492, 506-507, 608-609, 627, 635, 662, 668->665, 675->672, 678, 758
xtal/analysis/pxrd.py                    216      8     58      9    94%   132->131, 134, 259, 382, 434->424, 457, 527, 548, 560, 565, 570->572
xtal/analysis/rcsr.py                    462     76    160     27    80%   177, 231-236, 283, 348, 433, 595, 648, 650, 664, 668, 681-684, 688-692, 699, 706, 727, 730->725, 733, 755, 763, 805-806, 811, 813, 816, 821, 827, 832, 847-848, 939-949, 971-988, 993-999, 1005-1006, 1036, 1065-1070
xtal/analysis/topology.py                642     48    284     29    90%   240, 333->338, 357->361, 440, 457, 543, 559, 565, 693->690, 702-706, 723, 734-761, 795, 831, 844->847, 851, 956, 998, 1009->1019, 1101->1084, 1158, 1213, 1216, 1250, 1258, 1286, 1366, 1380, 1402, 1423
xtal/build/chem.py                        86     10     28      4    84%   94, 168, 206-207, 214-216, 234-235, 242-243
xtal/build/fill.py                       149      4     34      4    96%   122, 144, 169, 293
xtal/build/library.py                     47      2     10      0    96%   86-88
xtal/build/molecule.py                    51      1      8      1    97%   97
xtal/build/topology.py                    71      1     20      2    97%   147, 223->219
xtal/cli.py                              371     68    102     15    80%   46, 48, 59->61, 105-107, 137, 139, 201, 207, 212, 223-237, 241-264, 293->298, 319-320, 332, 391-403, 420, 444-450, 456-457, 461-462, 679-682, 686
xtal/commands/atoms.py                   276      3     64      7    97%   63->66, 124->126, 135->137, 342, 371, 528, 536->539
xtal/commands/base.py                    172      7     26      2    94%   75, 96-97, 157, 283-284, 298
xtal/commands/bonds.py                   228      5     58     11    94%   115->exit, 164->exit, 181->exit, 219->221, 270->272, 349, 395, 420, 424->429, 430, 470, 474->476
xtal/commands/clipboard.py               176      7     56      4    94%   97->109, 134-137, 177-178, 271->268, 319
xtal/commands/ff.py                      117      1     42      4    97%   122, 152->155, 198->200, 257->exit
xtal/commands/symmetry.py                 79      0      4      1    99%   192->205
xtal/core/bonding.py                     581     10    242     12    97%   290->292, 327, 381, 401, 705, 796, 873, 996, 1007, 1143, 1149->1133, 1339
xtal/core/describe.py                     35      0     14      1    98%   57->59
xtal/core/elements.py                     86      3     18      2    95%   183, 216, 288
xtal/core/lattice.py                     231     13     76      7    93%   52, 161, 175, 194, 200, 235, 242-243, 347, 356-357, 387, 399
xtal/core/measure.py                     142      2     28      4    96%   168, 237->240, 335, 373->376
xtal/core/neighbors.py                    87      3     18      3    94%   105, 107, 130
xtal/core/p1.py                          126      5     26      2    95%   155-157, 263, 328
xtal/core/properties.py                   80      1     22      1    98%   47
xtal/core/selection.py                   151      7     38      3    94%   92->91, 119-120, 125-129, 318->320
xtal/core/site.py                         81      6     22      2    92%   152, 189, 193-196
xtal/core/spacegroup.py                  193      8     48      3    95%   52, 77, 138, 144-145, 179, 183, 296
xtal/core/structure.py                   298      8     64      7    96%   132, 134, 165, 180, 345, 403, 623, 758
xtal/core/subgroups.py                   609     32    250     24    93%   184, 226-228, 233, 607, 614, 719, 742, 745, 770, 773, 776, 795, 811-812, 836, 891->893, 995, 1011-1012, 1014, 1019, 1087-1088, 1093, 1141, 1186, 1202-1203, 1206, 1228, 1237->1232, 1287, 1360
xtal/core/supercell.py                   159      5     42      5    95%   61, 131, 226, 277, 286
xtal/core/symmetry.py                    371     14    112     11    94%   151-152, 154, 194->192, 373->372, 391->389, 412-413, 415, 498, 525, 533, 631-636, 836, 846
xtal/ff/api.py                            64      4      8      2    92%   58, 64, 118, 150
xtal/ff/constraints.py                    83     17     18      2    79%   70, 103, 134, 141-153, 207, 223-224
xtal/ff/coordinates.py                   266     15     56     11    92%   96, 98, 162, 165, 223, 295, 310, 317, 327, 332, 363, 376, 426, 457, 541
xtal/ff/dftb/calculator.py               172      4     40      6    95%   104, 223, 296->exit, 377, 411, 448->exit
xtal/ff/dftb/hsd.py                      199      4     66      6    96%   95->91, 107, 247, 248->252, 293, 517
xtal/ff/dftb/outputs.py                  221      6     76      9    95%   90, 123, 173->178, 229->exit, 242->246, 244->246, 296-297, 301, 368
xtal/ff/ewald.py                          99      1      8      1    98%   171
xtal/ff/hydrogens.py                     225     19     88     13    88%   135->138, 139-141, 160, 179, 194-195, 217, 265, 267->266, 310, 314, 351-353, 404-409, 433->425, 505
xtal/ff/mace/calculator.py               125     31     26      1    72%   241-250, 263-297, 327, 406-409, 436-437
xtal/ff/markers.py                        60     12      4      1    80%   107->109, 120, 124, 128, 132, 136, 139, 148-152, 155
xtal/ff/optimize.py                      603     12    150      9    97%   434, 451, 567, 724->726, 835->exit, 847->850, 884, 919, 966-968, 1025, 1097, 1118, 1178->exit, 1320
xtal/ff/record.py                        129     18     30     10    82%   92-95, 101, 116, 121, 133, 149, 151->exit, 195->198, 202->209, 206-207, 209->212, 215-218, 221->exit, 251, 264-265
xtal/ff/registry.py                       55      2      4      0    97%   61-63
xtal/ff/scan.py                          345      9    106      7    96%   93, 253, 300, 475, 532, 547, 655->660, 738, 746, 775
xtal/ff/uff/calculator.py                347      4     90      6    98%   281, 360->362, 364, 404->412, 473, 567
xtal/ff/uff/params.py                    113      1     16      0    99%   545
xtal/ff/uff/qeq.py                        51      4     12      4    87%   70, 72, 87, 137
xtal/ff/uff/terms.py                     352      2     56      2    99%   181, 719
xtal/ff/uff/typer.py                     335     41    164     20    85%   102, 147, 167, 342, 344, 351-353, 369, 394-398, 401-404, 412-414, 431, 483-486, 492, 494, 497-505, 559, 615->622, 619->622, 655-656, 782, 791, 843-844
xtal/ff/xtb/calculator.py                191     11     50     13    90%   160, 237, 271, 313, 341, 375-376, 380, 406, 411->419, 420, 427, 472->489, 478->489, 513->exit
xtal/io/cgd.py                           164      5     66      4    96%   131, 189->191, 224, 246-247, 309
xtal/io/cif_reader.py                    204     25     74      9    88%   71, 97, 203-204, 248, 259, 265-266, 306-307, 344-345, 351, 357-358, 361-364, 369-374, 378, 394-395, 397
xtal/io/cif_writer.py                    125      4     40      4    95%   54, 227, 276, 318
xtal/io/cssr.py                           72      4     14      4    91%   95, 142, 145, 164
xtal/io/cube.py                           49      3     10      3    90%   55, 69, 80
xtal/io/export.py                         25      0     10      1    97%   53->58
xtal/io/gen.py                            71      4     16      2    93%   83, 88-89, 104
xtal/io/pdb.py                            29      1     10      1    95%   40
xtal/io/project.py                       102      6     24      1    93%   165, 222-223, 234-236
xtal/io/registry.py                       63      3     10      3    92%   90, 98, 103
xtal/io/trajectory.py                    201     18     48     11    88%   67-68, 88, 97, 151, 154, 179->182, 217, 251, 281, 285, 298-299, 308-309, 313, 325, 383, 386->exit, 391
xtal/io/xy.py                             40      1     10      1    96%   63
xtal/io/xyz.py                            88      7     24      4    90%   49, 83-91, 107, 141
xtal/modules/__init__.py                  19      0      2      1    95%   68->73
xtal/modules/blender.py                   71      7     22      2    86%   145, 191-196
xtal/modules/dftb_runs/bands.py           65      1     14      2    96%   69->75, 144
xtal/modules/dftb_runs/common.py          67      5     14      5    88%   54, 77, 93, 95, 103
xtal/modules/dftb_runs/dos.py             48      1      8      1    96%   98
xtal/modules/dftb_runs/driver.py         108      2     22      3    96%   61, 132->139, 164
xtal/modules/dftb_runs/electronic.py     115     12     26     10    84%   70, 97, 119, 128, 140, 155, 187, 189, 194, 255, 260-261
xtal/modules/dftb_runs/modes.py           56      3      8      3    91%   73, 94, 96
xtal/modules/job.py                      119      2     26      1    98%   76, 204
xtal/modules/mof.py                       68     26     16      4    57%   104, 106, 161->163, 181, 203-219, 236-268, 283-294
xtal/modules/net.py                       18      8      0      0    56%   60-71
xtal/modules/probe.py                     88      4     28      2    95%   81, 114, 180->182, 210-211
xtal/modules/process.py                  241     11     70      6    94%   87, 237, 310->313, 313->315, 394-400, 408, 448->exit, 472, 476, 545-546
xtal/modules/record.py                    29      0     14      1    98%   74->73
xtal/modules/registry.py                  94      3     12      0    97%   153-154, 271
xtal/modules/report.py                   410     28     92     14    92%   173->175, 237, 246->248, 323, 337, 346->348, 384, 391-402, 414, 458-464, 519-525, 552-553, 663, 802, 841, 843, 849, 858
xtal/modules/scan.py                     236      5     72      8    96%   78, 123, 125->118, 315->314, 317, 334, 526->530, 582
xtal/modules/stub.py                      51      3     18      3    91%   78, 106, 113
xtal/modules/zeopp.py                    256     14     62      8    92%   240, 268-272, 355, 384->388, 397, 498, 506, 536, 548, 567, 575
xtal/mof/block.py                         70      2     22      2    96%   54, 59
xtal/mof/build.py                        290     15     82      9    93%   197, 207, 256, 259-262, 291, 397-398, 438, 443, 467-468, 517->514, 582, 585->590, 733
xtal/mof/catalog.py                      272     23     76      7    90%   125, 261, 264-265, 272, 277, 364, 411-415, 424-427, 498, 544, 552, 585-586, 624-627
xtal/mof/pormake/builder.py              252     21     86     13    90%   66, 71, 127, 215, 220->223, 233, 245-266, 313-317, 328-336, 354-361, 450->460, 460->469, 678
xtal/mof/pormake/building_block.py       110     31     12      4    68%   248-253, 274-278, 292, 307, 324, 342, 366, 376-377, 394-413, 441
xtal/mof/pormake/database.py              92     70     10      0    22%   57-81, 92, 97, 102, 113, 118, 123, 134-151, 177-200, 204, 226-237, 241
xtal/mof/pormake/framework.py            113      9     24      4    91%   77->exit, 97-102, 129, 133, 137-145
xtal/mof/pormake/local_structure.py       24      6      2      1    73%   60, 79, 126-130
xtal/mof/pormake/locator.py               69      2     12      2    95%   150, 190
xtal/mof/pormake/log.py                   27      8      0      0    70%   73-74, 83-84, 93-94, 103-104
xtal/mof/pormake/neighbor_list.py         65     31     24      1    46%   47, 103-107, 157-188, 248-254
xtal/mof/pormake/scaler.py               188      1     44      4    98%   139->145, 145->153, 419->424, 440
xtal/mof/pormake/topology.py             389    262     90      6    31%   110-114, 117-118, 143, 170, 188, 190, 323, 341-346, 453, 464, 476, 504, 523-525, 565-586, 606-711, 742-862, 888-906, 921, 945-1044
xtal/mof/pormake/utils.py                204     58     44      4    72%   181-191, 383-384, 510, 522->540, 530-531, 577-644
xtal/params.py                            78      2     36      2    96%   100, 136
xtal/plugins.py                           41      4     10      1    90%   54, 73-75
xtal/workspace.py                        340     24     84     12    92%   137, 141, 244->243, 246, 263, 270, 363-364, 386-387, 402-403, 426->exit, 435->437, 559-560, 562, 570-571, 580, 584, 630->632, 633, 644->exit, 649, 652, 655, 749->751, 761-762
xtalapp/actions.py                        53      0     24      1    99%   100->99
xtalapp/applog.py                        108     18     14      3    81%   90-98, 142->148, 196, 216-220, 236, 275-278, 288-292
xtalapp/bands.py                         211     27     46      9    84%   53, 58-59, 62-66, 73, 109->113, 122, 159->exit, 164-168, 175, 195->203, 207->210, 285-294, 317-321
xtalapp/curve.py                         236     22     74     10    88%   168, 172->exit, 189, 192, 204, 209, 218-222, 254, 259-260, 297-300, 353-358, 372
xtalapp/dialogs/add_atom.py               91     20     18      1    72%   116-126, 131, 135-141, 153-156
xtalapp/dialogs/add_centroid.py           61      7      6      2    84%   95-96, 103, 112-115
xtalapp/dialogs/add_hydrogens.py          59     11      8      2    78%   85-93, 103, 107, 115-118
xtalapp/dialogs/bond_rules.py            196      1     34      1    99%   374
xtalapp/dialogs/build_molecule.py        204      6     38      7    94%   155->exit, 238-241, 286->exit, 387, 391->exit, 400->exit, 427, 437->439, 472->exit
xtalapp/dialogs/cell_edit.py             126      9     28      2    90%   180, 198, 228-234
xtalapp/dialogs/dftb_run.py               90     11     16      4    82%   69-72, 104->110, 108-109, 110->112, 117-118, 123-124, 150
xtalapp/dialogs/display_range.py          87      7     20      1    91%   96, 168-174
xtalapp/dialogs/draw_block.py            113     18     14      1    82%   132-136, 154-157, 215, 222-224, 229-231, 237-240
xtalapp/dialogs/export.py                 98      5     16      4    90%   78, 79->82, 174->179, 187->exit, 192-197
xtalapp/dialogs/fill_pores.py            157     18     30      4    86%   151-154, 159-165, 175-176, 213, 241, 244->251, 260, 268-271
xtalapp/dialogs/find_symmetry.py         128      7     16      1    94%   161-163, 228-230, 246
xtalapp/dialogs/help.py                  118      3     54      7    94%   134, 136->131, 146->148, 200, 202, 217->219, 225->227
xtalapp/dialogs/image_export.py           92      4     10      1    93%   175->exit, 187-193
xtalapp/dialogs/landscape.py             157     32     16      3    77%   155-156, 175-176, 203-207, 288, 299-316, 324-337, 340-341
xtalapp/dialogs/merge_duplicates.py       84      1      6      1    98%   151
xtalapp/dialogs/module_form.py           158      6     58      3    95%   155-156, 247->exit, 278->283, 301-304
xtalapp/dialogs/mof_build.py             293     29     58      7    86%   237-241, 251-256, 276-279, 289, 293, 359->365, 366->exit, 398, 403-404, 406, 431-434, 444-447
xtalapp/dialogs/mof_preview.py           238      5     44      9    95%   66, 82, 146->154, 196, 221, 339->348, 367->370, 373->379, 505
xtalapp/dialogs/net_draw.py              127      9     20      5    89%   95, 191, 195, 209-210, 212->222, 242-245, 255->259
xtalapp/dialogs/pattern.py               203      9     40      8    93%   258->260, 268->exit, 341->340, 363-364, 381, 398, 406-408, 424, 453
xtalapp/dialogs/preferences.py           453     20     70     11    93%   179-185, 347->exit, 373, 553, 608-618, 634, 639, 647, 658-659, 676, 693, 699, 790
xtalapp/dialogs/run_progress.py           95      0      8      1    99%   138->exit
xtalapp/dialogs/save_block.py             80     11      8      2    83%   121->124, 131-134, 138, 142-143, 149->151, 156-159
xtalapp/dialogs/scan.py                  470     21    110     19    93%   83->80, 86-88, 104, 112, 120, 125, 130, 293-294, 319, 617-618, 624->626, 641->exit, 655-657, 662, 713->715, 715->717, 720->722, 722->724, 731, 734->732, 737->724, 742-745, 756->759
xtalapp/dialogs/sketch.py                148      2     20      2    98%   170, 266->265, 431
xtalapp/dialogs/spacegroup.py             99     11     22      2    86%   123->exit, 142, 157-159, 172-178
xtalapp/dialogs/stl_export.py             33      5      8      3    76%   35->37, 46-49, 60->62, 63
xtalapp/dialogs/subgroup.py              156     13     36      3    90%   74-75, 270, 312-314, 370, 378-384
xtalapp/dialogs/supercell.py              80      4     10      0    93%   139-142
xtalapp/dialogs/workspace_chooser.py     233     47     38      4    76%   81-82, 86-92, 111, 118, 143-179, 188->193, 310->317, 383->exit, 397-399, 402-404, 428-431
xtalapp/docks/columns.py                 143      9     26      2    92%   55, 80, 87-89, 206, 243-244, 256
xtalapp/docks/ff_panel.py                440     42     98     17    88%   342->345, 420, 472-474, 522, 533, 546->exit, 582, 613->618, 619-622, 627, 631-634, 654, 660-663, 667, 676-679, 705, 711, 730->exit, 736, 773->775, 782->787, 832-835, 839, 849-861
xtalapp/docks/filetree.py                 63      6     12      3    85%   39->38, 97, 109-113, 118
xtalapp/docks/inspector.py               239      8     40      5    95%   309, 322, 328, 333->exit, 339, 349-350, 353-354
xtalapp/docks/logview.py                  99     11     12      4    86%   118, 124-128, 138-139, 145, 152-153, 154->exit, 162->exit
xtalapp/docks/measure.py                 174      7     46     10    91%   211->210, 244->exit, 248->exit, 258, 275, 279->exit, 284-288, 300, 304->302, 316, 321->320
xtalapp/docks/modules.py                  97      2     10      3    95%   105, 116->118, 179->exit, 191
xtalapp/docks/move.py                    191     10     36      8    91%   219-222, 226->exit, 262, 283, 285->287, 292, 295, 304, 307
xtalapp/docks/results.py                 469     44    104     18    88%   160->167, 182, 226, 471-472, 480->482, 511->514, 564->567, 595-600, 612->617, 624->629, 631->exit, 637-641, 685, 701-704, 709-717, 751, 779-789, 800->802, 849->853, 853->858, 866, 870, 876-884
xtalapp/docks/sites.py                   142      8     58      7    92%   86, 103->114, 111, 126, 131, 144-148, 222
xtalapp/docks/style_panel.py             389     13     64      7    95%   157-165, 650, 661, 664->exit, 671, 675->exit, 696, 702->exit
xtalapp/docks/trajectory.py              202     18     38     10    88%   199-202, 205-208, 213, 231->233, 239, 249, 253, 256, 271-272, 282-283, 288, 306, 315, 319
xtalapp/docks/workspace.py               213      5     58      4    97%   151, 204->exit, 251, 254-255, 381
xtalapp/document.py                      927     66    266     57    90%   174->178, 196, 243-248, 252->249, 258-259, 266-267, 276-277, 395, 411, 427, 438, 498, 505, 549-550, 639, 644, 662, 664, 715->718, 734, 742, 871, 879, 897, 910, 933, 951, 968, 978, 986, 1058, 1102, 1131, 1147, 1172->1168, 1175, 1251, 1254->1256, 1282, 1284->1286, 1289, 1311, 1323-1324, 1350, 1360, 1472, 1475, 1481, 1527, 1553, 1575, 1648-1650, 1666, 1752->exit, 1767->1766, 1771->exit, 1775->exit, 1790->exit, 1825-1828, 1866->exit, 1871->exit, 1937->1940, 1945, 1966, 1976, 1977->1981, 2028
xtalapp/documents.py                     294     68     96     22    74%   114->120, 134, 151, 178->187, 183-186, 189->192, 195-201, 241, 280-282, 287-288, 292-307, 388, 391-392, 397-399, 416, 440-468, 485-489, 495, 500, 509-511, 529, 532->536, 541, 547-550, 564, 566-567, 576, 594->exit, 613
xtalapp/external.py                      100     11     50      8    85%   158, 162, 190->192, 198-202, 218, 240, 244, 269
xtalapp/extras.py                         58      4     12      1    93%   206-208, 238
xtalapp/heatmap.py                       262     40     70     11    82%   84, 86, 158->exit, 191, 205-208, 211-217, 220-223, 229, 274, 295, 297, 326-332, 370->exit, 418, 420, 430-442
xtalapp/histogram.py                     166      3     38      5    96%   62, 81->85, 111, 178, 236->exit, 246->249
xtalapp/main.py                           65     41     20      2    35%   91->93, 97-171, 175
xtalapp/mainwindow.py                    867    134    252     50    79%   78-79, 221, 267, 328, 331, 334, 352, 367-369, 406->exit, 421-425, 429->exit, 443-449, 454->exit, 459->exit, 468->exit, 474->exit, 482, 493, 506, 512-513, 525->exit, 530-537, 552, 562-564, 590-593, 606, 612, 623->exit, 627-635, 638-640, 652->650, 672-674, 678->exit, 689-691, 694-699, 776->exit, 780-782, 794, 866->exit, 871->exit, 876->exit, 881->exit, 888, 899->exit, 905->exit, 927, 936-937, 942->exit, 947->exit, 951-953, 957->exit, 972, 974-975, 994, 1000, 1014->exit, 1036, 1044-1046, 1063->exit, 1078, 1095, 1110->exit, 1114-1119, 1122-1131, 1134-1136, 1139-1143, 1209-1210, 1213-1214, 1217-1218, 1221-1222, 1225-1227, 1234, 1255, 1291->1293, 1368, 1382->1386, 1386->exit, 1405, 1553->1555, 1585->1583, 1633-1634, 1705, 1724-1725, 1736-1737, 1740-1743
xtalapp/menus.py                         309      1     52      1    99%   908
xtalapp/module_runner.py                 251     30     80     10    87%   94-96, 98-107, 113->115, 116-117, 171-174, 244-247, 351-353, 400-404, 419-422, 449-453, 459, 536-539, 558->556, 580, 584->586
xtalapp/playback.py                       65      3     16      4    91%   76, 101, 103->105, 120
xtalapp/plot.py                          129     23     26      4    77%   47, 49, 51, 101-107, 111-114, 170-179
xtalapp/samples.py                        25      1      4      1    93%   124
xtalapp/selftest.py                      152    123     46      0    15%   67-79, 89-93, 98-102, 111-116, 122-127, 137-143, 163-190, 212-220, 244-275, 288-335, 370-406
xtalapp/settings.py                      179     10     46     10    91%   60, 71->77, 74, 75->77, 78, 102, 119, 147, 166, 264, 390-391
xtalapp/viewport/builder.py              589     10    172      7    98%   687->691, 791-792, 883-886, 956, 1276, 1355, 1383, 1427
xtalapp/viewport/modes.py                482     51    116     20    88%   72, 188, 191, 194, 206, 210, 214, 220, 272->274, 281, 386, 389, 461, 467, 506, 535, 578-581, 614, 627, 647, 653-655, 697, 747, 757, 762-766, 769-771, 780, 786-788, 891-893, 907, 930, 961->963, 976, 1043, 1053, 1064-1065, 1084-1086
xtalapp/viewport/picking.py              110      2     26      2    97%   52, 71
xtalapp/viewport/scene.py                266     10     28      7    94%   50-52, 315, 435, 446, 543, 549, 657, 674
xtalapp/viewport/svg_export.py           277     29     86     13    87%   117, 137, 153, 246, 252, 255, 353, 379->381, 437-445, 455-466, 500, 522, 603-606
xtalapp/viewport/vtk_scene.py           1195    163    184     34    84%   411-434, 714, 755-770, 846-849, 858-863, 871-878, 926-938, 1022-1043, 1104-1105, 1107->1110, 1111-1112, 1114-1118, 1120-1137, 1139-1141, 1146-1147, 1149-1152, 1154-1159, 1370-1373, 1381-1388, 1409-1417, 1425-1426, 1436-1440, 1447, 1450-1458, 1470, 1475-1496, 1599, 1700-1701, 1824, 1833, 1841, 1847->1852, 1849->1851, 1885, 1952-1959, 2038-2039, 2056, 2105-2106, 2141
xtalapp/viewport/widget.py               396    216    140     21    42%   159-203, 209-214, 217-218, 221-222, 227-249, 252-267, 277->283, 284, 296-303, 306-308, 312-327, 330, 339-346, 350-372, 381-393, 403-411, 413-419, 421, 423-430, 432-442, 452-454, 463-468, 471, 485, 498->exit, 502, 512, 520->exit, 528->exit, 561-570, 590, 636-640, 676, 694-704, 717, 728->730, 737, 748->exit, 758-761, 765-766, 771-772, 776-781, 786-791, 802, 814-816, 833-839, 843-844, 861-862
xtalapp/widgets/atom_types.py             92      4     20      1    96%   123-125, 176
xtalapp/widgets/brillouin.py             130     16     24      2    87%   54, 78, 81-88, 91, 96-100, 105, 156
xtalapp/widgets/periodic_table.py         89      5     20      1    93%   153, 177-180
xtalapp/workers.py                       114     20     10      0    81%   134-135, 174-176, 244, 262-278
xtalapp/workspace_shell.py               166     19     52      5    85%   82-85, 153, 210, 221->223, 292-294, 297-299, 303-308, 352-354, 360->exit
----------------------------------------------------------------------------------
TOTAL                                  33953   3091   8502   1086    89%

35 files skipped due to complete coverage.
Coverage HTML written to dir review/coverage-html
Coverage JSON written to file review/coverage.json
3008 passed, 8 skipped, 14 warnings in 332.42s (0:05:32)
